// Jest Snapshot v1, https://goo.gl/fbAQLP

exports[`components/welcome-screen renders properly 1`] = `null`;
