// Jest Snapshot v1, https://goo.gl/fbAQLP

exports[`src/app renders without crashing 1`] = `
<BrowserRouter>
  <Provider
    store={
      Object {
        "dispatch": [Function],
        "getState": [Function],
        "replaceReducer": [Function],
        "subscribe": [Function],
        Symbol(observable): [Function],
      }
    }
  >
    <Connect(App) />
  </Provider>
</BrowserRouter>
`;
